// Jest Snapshot v1, https://goo.gl/fbAQLP

exports[`Modal Modal matches snapshot 1`] = `
<Modal
  actions={
    Array [
      <p>
        No actions
      </p>,
    ]
  }
  backgroundColor="#262626"
  closeButton={true}
  header="Modal"
  text="Modal text"
/>
`;
