// Jest Snapshot v1, https://goo.gl/fbAQLP

exports[`App.js matches snapshot 1`] = `<App />`;
